MMMTTTTTTTTTTTT          TTTTTTTTTTTTTTTTTTT    TTTTTTTTTT~TTTTTTTTTTTTTTTTTTTTTTTT
MMTTTTTTTTTTTTTTT  TTT TT  TT  TT  T T T T TT  TTTTT       ~                        
MTTTBBBBBBBBBBBBBBBBBBBBBBBBB                              ~                        
BBBBB                       BBBBBBBBB                       ~B                       
      TTTTTTTTTTTTTTTTTTTTTT        BBBBBBBBBBBBBBBBBBBBBBBBB~BBBBBBBBBBBBBBBBBBBBB
            TTTTTTTTTTTTTTTTTT      B  M                     ~                       
         TTTTTTTTTTTTTTTTT          B   M                   ~                        
                                    B    M                  ~                        
                                    B T   M                  ~                       
                                    B     M                ~  ~                      
                                    BM   M                  ~~~~~~~                       
MMM                                 B MMM          M           ~~~~~~~                    
MMMMMM                              B               M         ~~   ~~~~~                 
   MMMM  MMMMMMMMMMMMM              B              MM            ~~~~             
    M        MM                     BMMMMM       MMMMMM         ~                              
BBBBBBBBBBBBBBBBBBBBBBBBBBBBBBBBBBBBB   MMMMMMMMMMMMMMMMM    ~~~                    
  MMMMMMMMMMMMMMMMMMMMMMMMBMMMM MMMMMMMMMM                M                         
                         BTTTTTTTTTTTTTTTTT  TT  T  TT T  TM
                         B
                         B
                        B                     
