ccMTTTTTTTTTTTT          TTTTTTTTTTTTTTTTTTT  B TTTTTTTTTTB~TTTTTTTTTTTTTTTTMMMMSSMM
McTTTTTTTTTTTTTTT  TTT TT  TT  TT  T T T T TTB  TTTTT      B~                MMSSSMM
MTTTBBBBBBBBBBBBBBBBBBBBBBBBB                 B            B~                 MMMSMM
BBBBB                       BBBBBBBBB          B           B~                       
      TTTTTTTTTTTTTTTTTTTTTT        BBBBBBBBBBBBBBB   BBBBB~BBBBBBBBBBBBBBBBBBBBBBBB
            TTTTTTTTTTTTTTTTTT      B  M           BBB     ~         B              
         TTTTTTTTTTTTTTTTT          B   M                   ~         B               
                                    B    M                  ~          B              
                                    B T   M                  ~         B              
                                    B     M                ~  ~       B               
                                    BM   M                  ~~~~~~~    B                   
MMM                                 B MMM          M           ~~~~~~~  B                  
CCCCCM                              B               M         ~~   ~~~~~B                 
   MCMM  MMMMMCCCMMMMM              B              MM            ~~~~BBB    MMM         
    M        MM                     BMMMMM       MCMMMM         ~BBBB     MMiiiM                         
BBBBBBBBBBBBBBBBBBBBBBBBBBBBBBBBBBBBB   MMMMMMMzMMMCCMMMM    ~~~B           MiiM         
  MMMMMMMMMMMMMMMMMMMMMMMMBMMMM MMMMMMMMMM                M   BB         iiiiMMMM        
                         BTTTTTTTTTTTTTTTTT  TT  T  TT T  TM B             iiiMM      
           T              BBBBBBBBBBBBBBBBBBBBBBBBBBBBBBBBBBBBBBBBBBBBBBBBBBBBBBBBBBB 
          T               B                                                          
  z    MMM                 B                                                         
MMMzzzzMMMM                 B                                                        
